[ 2161539ms] ReferenceError: Cannot access 'fetchData' before initialization
    at ConsultasTable (http://localhost:3000/_next/static/chunks/app_consultas_components_b44cf78c._.js?id=%255Bproject%255D%252Fapp%252Fconsultas%252Fcomponents%252Fconsultas-table.tsx+%255Bapp-client%255D+%2528ecmascript%2529:177:9)
    at Object.react_stack_bottom_frame (http://localhost:3000/_next/static/chunks/837f3_next_dist_compiled_react-dom_49bd6222._.js:13072:24)
    at renderWithHooks (http://localhost:3000/_next/static/chunks/837f3_next_dist_compiled_react-dom_49bd6222._.js:4091:24)
    at updateFunctionComponent (http://localhost:3000/_next/static/chunks/837f3_next_dist_compiled_react-dom_49bd6222._.js:5523:21)
    at beginWork (http://localhost:3000/_next/static/chunks/837f3_next_dist_compiled_react-dom_49bd6222._.js:6111:24)
    at runWithFiberInDEV (http://localhost:3000/_next/static/chunks/837f3_next_dist_compiled_react-dom_49bd6222._.js:886:74)
    at performUnitOfWork (http://localhost:3000/_next/static/chunks/837f3_next_dist_compiled_react-dom_49bd6222._.js:8298:97)
    at workLoopSync (http://localhost:3000/_next/static/chunks/837f3_next_dist_compiled_react-dom_49bd6222._.js:8190:40)
    at renderRootSync (http://localhost:3000/_next/static/chunks/837f3_next_dist_compiled_react-dom_49bd6222._.js:8173:13)
    at performWorkOnRoot (http://localhost:3000/_next/static/chunks/837f3_next_dist_compiled_react-dom_49bd6222._.js:7932:56)
    at performSyncWorkOnRoot (http://localhost:3000/_next/static/chunks/837f3_next_dist_compiled_react-dom_49bd6222._.js:8890:9)
    at flushSyncWorkAcrossRoots_impl (http://localhost:3000/_next/static/chunks/837f3_next_dist_compiled_react-dom_49bd6222._.js:8809:316)
    at flushSyncWork$1 (http://localhost:3000/_next/static/chunks/837f3_next_dist_compiled_react-dom_49bd6222._.js:8048:86)
    at Object.scheduleRefresh (http://localhost:3000/_next/static/chunks/837f3_next_dist_compiled_react-dom_49bd6222._.js:294:13)
    at http://localhost:3000/_next/static/chunks/837f3_next_dist_compiled_8a0c982d._.js:391:33
    at Set.forEach (<anonymous>)
    at Object.performReactRefresh (http://localhost:3000/_next/static/chunks/837f3_next_dist_compiled_8a0c982d._.js:384:38)
    at applyUpdate (http://localhost:3000/_next/static/chunks/837f3_next_dist_compiled_8a0c982d._.js:878:31)
    at http://localhost:3000/_next/static/chunks/837f3_next_dist_compiled_8a0c982d._.js:886:13
[ 2177185ms] [WARNING] [Fast Refresh] performing full reload because your application had an unrecoverable error @ http://localhost:3000/_next/static/chunks/837f3_next_dist_client_2ddce166._.js:6282
[ 2177309ms] ReferenceError: Cannot access 'fetchData' before initialization
    at ConsultasTable (http://localhost:3000/_next/static/chunks/app_consultas_components_b44cf78c._.js?id=%255Bproject%255D%252Fapp%252Fconsultas%252Fcomponents%252Fconsultas-table.tsx+%255Bapp-client%255D+%2528ecmascript%2529:177:9)
    at Object.react_stack_bottom_frame (http://localhost:3000/_next/static/chunks/837f3_next_dist_compiled_react-dom_49bd6222._.js:13072:24)
    at renderWithHooks (http://localhost:3000/_next/static/chunks/837f3_next_dist_compiled_react-dom_49bd6222._.js:4091:24)
    at updateFunctionComponent (http://localhost:3000/_next/static/chunks/837f3_next_dist_compiled_react-dom_49bd6222._.js:5523:21)
    at beginWork (http://localhost:3000/_next/static/chunks/837f3_next_dist_compiled_react-dom_49bd6222._.js:6090:639)
    at runWithFiberInDEV (http://localhost:3000/_next/static/chunks/837f3_next_dist_compiled_react-dom_49bd6222._.js:886:74)
    at performUnitOfWork (http://localhost:3000/_next/static/chunks/837f3_next_dist_compiled_react-dom_49bd6222._.js:8298:97)
    at workLoopSync (http://localhost:3000/_next/static/chunks/837f3_next_dist_compiled_react-dom_49bd6222._.js:8190:40)
    at renderRootSync (http://localhost:3000/_next/static/chunks/837f3_next_dist_compiled_react-dom_49bd6222._.js:8173:13)
    at performWorkOnRoot (http://localhost:3000/_next/static/chunks/837f3_next_dist_compiled_react-dom_49bd6222._.js:7932:56)
    at performSyncWorkOnRoot (http://localhost:3000/_next/static/chunks/837f3_next_dist_compiled_react-dom_49bd6222._.js:8890:9)
    at flushSyncWorkAcrossRoots_impl (http://localhost:3000/_next/static/chunks/837f3_next_dist_compiled_react-dom_49bd6222._.js:8809:316)
    at flushSyncWork$1 (http://localhost:3000/_next/static/chunks/837f3_next_dist_compiled_react-dom_49bd6222._.js:8048:86)
    at Object.scheduleRefresh (http://localhost:3000/_next/static/chunks/837f3_next_dist_compiled_react-dom_49bd6222._.js:294:13)
    at http://localhost:3000/_next/static/chunks/837f3_next_dist_compiled_8a0c982d._.js:391:33
    at Set.forEach (<anonymous>)
    at Object.performReactRefresh (http://localhost:3000/_next/static/chunks/837f3_next_dist_compiled_8a0c982d._.js:384:38)
    at applyUpdate (http://localhost:3000/_next/static/chunks/837f3_next_dist_compiled_8a0c982d._.js:878:31)
    at http://localhost:3000/_next/static/chunks/837f3_next_dist_compiled_8a0c982d._.js:886:13
[ 2180344ms] [ERROR] Failed to load resource: the server responded with a status of 500 (Internal Server Error) @ http://localhost:3000/consultas?sort=fecha_hora_asc:0
[ 2180911ms] ReferenceError: Cannot access 'fetchData' before initialization
    at ConsultasTable (http://localhost:3000/_next/static/chunks/app_consultas_components_b44cf78c._.js:3017:9)
    at Object.react_stack_bottom_frame (http://localhost:3000/_next/static/chunks/837f3_next_dist_compiled_react-dom_49bd6222._.js:13072:24)
    at renderWithHooks (http://localhost:3000/_next/static/chunks/837f3_next_dist_compiled_react-dom_49bd6222._.js:4091:24)
    at updateFunctionComponent (http://localhost:3000/_next/static/chunks/837f3_next_dist_compiled_react-dom_49bd6222._.js:5523:21)
    at beginWork (http://localhost:3000/_next/static/chunks/837f3_next_dist_compiled_react-dom_49bd6222._.js:6090:639)
    at runWithFiberInDEV (http://localhost:3000/_next/static/chunks/837f3_next_dist_compiled_react-dom_49bd6222._.js:886:74)
    at performUnitOfWork (http://localhost:3000/_next/static/chunks/837f3_next_dist_compiled_react-dom_49bd6222._.js:8298:97)
    at workLoopSync (http://localhost:3000/_next/static/chunks/837f3_next_dist_compiled_react-dom_49bd6222._.js:8190:40)
    at renderRootSync (http://localhost:3000/_next/static/chunks/837f3_next_dist_compiled_react-dom_49bd6222._.js:8173:13)
    at performWorkOnRoot (http://localhost:3000/_next/static/chunks/837f3_next_dist_compiled_react-dom_49bd6222._.js:7932:56)
    at performWorkOnRootViaSchedulerTask (http://localhost:3000/_next/static/chunks/837f3_next_dist_compiled_react-dom_49bd6222._.js:8882:9)
    at MessagePort.performWorkUntilDeadline (http://localhost:3000/_next/static/chunks/837f3_next_dist_compiled_8a0c982d._.js:2601:64)
[ 2196752ms] [WARNING] [Fast Refresh] performing full reload because your application had an unrecoverable error @ http://localhost:3000/_next/static/chunks/837f3_next_dist_client_2ddce166._.js:6282
[ 2199006ms] [ERROR] Failed to load resource: the server responded with a status of 500 (Internal Server Error) @ http://localhost:3000/consultas?sort=fecha_hora_asc:0
[ 2199402ms] ReferenceError: Cannot access 'fetchData' before initialization
    at ConsultasTable (http://localhost:3000/_next/static/chunks/app_consultas_components_b44cf78c._.js:3017:9)
    at Object.react_stack_bottom_frame (http://localhost:3000/_next/static/chunks/837f3_next_dist_compiled_react-dom_49bd6222._.js:13072:24)
    at renderWithHooks (http://localhost:3000/_next/static/chunks/837f3_next_dist_compiled_react-dom_49bd6222._.js:4091:24)
    at updateFunctionComponent (http://localhost:3000/_next/static/chunks/837f3_next_dist_compiled_react-dom_49bd6222._.js:5523:21)
    at beginWork (http://localhost:3000/_next/static/chunks/837f3_next_dist_compiled_react-dom_49bd6222._.js:6090:639)
    at runWithFiberInDEV (http://localhost:3000/_next/static/chunks/837f3_next_dist_compiled_react-dom_49bd6222._.js:886:74)
    at performUnitOfWork (http://localhost:3000/_next/static/chunks/837f3_next_dist_compiled_react-dom_49bd6222._.js:8298:97)
    at workLoopSync (http://localhost:3000/_next/static/chunks/837f3_next_dist_compiled_react-dom_49bd6222._.js:8190:40)
    at renderRootSync (http://localhost:3000/_next/static/chunks/837f3_next_dist_compiled_react-dom_49bd6222._.js:8173:13)
    at performWorkOnRoot (http://localhost:3000/_next/static/chunks/837f3_next_dist_compiled_react-dom_49bd6222._.js:7932:56)
    at performWorkOnRootViaSchedulerTask (http://localhost:3000/_next/static/chunks/837f3_next_dist_compiled_react-dom_49bd6222._.js:8882:9)
    at MessagePort.performWorkUntilDeadline (http://localhost:3000/_next/static/chunks/837f3_next_dist_compiled_8a0c982d._.js:2601:64)
[ 2203681ms] [WARNING] [Fast Refresh] performing full reload because your application had an unrecoverable error @ http://localhost:3000/_next/static/chunks/837f3_next_dist_client_2ddce166._.js:6282
[ 2206258ms] [ERROR] Failed to load resource: the server responded with a status of 500 (Internal Server Error) @ http://localhost:3000/consultas?sort=fecha_hora_asc:0
[ 2206616ms] ReferenceError: Cannot access 'fetchData' before initialization
    at ConsultasTable (http://localhost:3000/_next/static/chunks/app_consultas_components_b44cf78c._.js:3017:9)
    at Object.react_stack_bottom_frame (http://localhost:3000/_next/static/chunks/837f3_next_dist_compiled_react-dom_49bd6222._.js:13072:24)
    at renderWithHooks (http://localhost:3000/_next/static/chunks/837f3_next_dist_compiled_react-dom_49bd6222._.js:4091:24)
    at updateFunctionComponent (http://localhost:3000/_next/static/chunks/837f3_next_dist_compiled_react-dom_49bd6222._.js:5523:21)
    at beginWork (http://localhost:3000/_next/static/chunks/837f3_next_dist_compiled_react-dom_49bd6222._.js:6090:639)
    at runWithFiberInDEV (http://localhost:3000/_next/static/chunks/837f3_next_dist_compiled_react-dom_49bd6222._.js:886:74)
    at performUnitOfWork (http://localhost:3000/_next/static/chunks/837f3_next_dist_compiled_react-dom_49bd6222._.js:8298:97)
    at workLoopSync (http://localhost:3000/_next/static/chunks/837f3_next_dist_compiled_react-dom_49bd6222._.js:8190:40)
    at renderRootSync (http://localhost:3000/_next/static/chunks/837f3_next_dist_compiled_react-dom_49bd6222._.js:8173:13)
    at performWorkOnRoot (http://localhost:3000/_next/static/chunks/837f3_next_dist_compiled_react-dom_49bd6222._.js:7932:56)
    at performWorkOnRootViaSchedulerTask (http://localhost:3000/_next/static/chunks/837f3_next_dist_compiled_react-dom_49bd6222._.js:8882:9)
    at MessagePort.performWorkUntilDeadline (http://localhost:3000/_next/static/chunks/837f3_next_dist_compiled_8a0c982d._.js:2601:64)
[ 2209012ms] [WARNING] [Fast Refresh] performing full reload because your application had an unrecoverable error @ http://localhost:3000/_next/static/chunks/837f3_next_dist_client_2ddce166._.js:6282
[ 2210934ms] [ERROR] Failed to load resource: the server responded with a status of 500 (Internal Server Error) @ http://localhost:3000/consultas?sort=fecha_hora_asc:0
[ 2211331ms] ReferenceError: Cannot access 'fetchData' before initialization
    at ConsultasTable (http://localhost:3000/_next/static/chunks/app_consultas_components_b44cf78c._.js:3017:9)
    at Object.react_stack_bottom_frame (http://localhost:3000/_next/static/chunks/837f3_next_dist_compiled_react-dom_49bd6222._.js:13072:24)
    at renderWithHooks (http://localhost:3000/_next/static/chunks/837f3_next_dist_compiled_react-dom_49bd6222._.js:4091:24)
    at updateFunctionComponent (http://localhost:3000/_next/static/chunks/837f3_next_dist_compiled_react-dom_49bd6222._.js:5523:21)
    at beginWork (http://localhost:3000/_next/static/chunks/837f3_next_dist_compiled_react-dom_49bd6222._.js:6090:639)
    at runWithFiberInDEV (http://localhost:3000/_next/static/chunks/837f3_next_dist_compiled_react-dom_49bd6222._.js:886:74)
    at performUnitOfWork (http://localhost:3000/_next/static/chunks/837f3_next_dist_compiled_react-dom_49bd6222._.js:8298:97)
    at workLoopSync (http://localhost:3000/_next/static/chunks/837f3_next_dist_compiled_react-dom_49bd6222._.js:8190:40)
    at renderRootSync (http://localhost:3000/_next/static/chunks/837f3_next_dist_compiled_react-dom_49bd6222._.js:8173:13)
    at performWorkOnRoot (http://localhost:3000/_next/static/chunks/837f3_next_dist_compiled_react-dom_49bd6222._.js:7932:56)
    at performWorkOnRootViaSchedulerTask (http://localhost:3000/_next/static/chunks/837f3_next_dist_compiled_react-dom_49bd6222._.js:8882:9)
    at MessagePort.performWorkUntilDeadline (http://localhost:3000/_next/static/chunks/837f3_next_dist_compiled_8a0c982d._.js:2601:64)
[ 2268739ms] [WARNING] [Fast Refresh] performing full reload because your application had an unrecoverable error @ http://localhost:3000/_next/static/chunks/837f3_next_dist_client_2ddce166._.js:6282
[ 2276901ms] [ERROR] Failed to load resource: the server responded with a status of 500 (Internal Server Error) @ http://localhost:3000/consultas?sort=fecha_hora_asc:0
[ 2277074ms] [ERROR] Failed to load resource: the server responded with a status of 500 (Internal Server Error) @ http://localhost:3000/favicon.ico:0
