[  263175ms] TypeError: Cannot read properties of undefined (reading 'filter')
    at PacientesTable (http://localhost:3000/_next/static/chunks/_c990fccc._.js?id=%255Bproject%255D%252Fapp%252Fpacientes%252Fcomponents%252Fpacientes-table.tsx+%255Bapp-client%255D+%2528ecmascript%2529:112:46)
    at Object.react_stack_bottom_frame (http://localhost:3000/_next/static/chunks/837f3_next_dist_compiled_react-dom_49bd6222._.js:13072:24)
    at renderWithHooks (http://localhost:3000/_next/static/chunks/837f3_next_dist_compiled_react-dom_49bd6222._.js:4091:24)
    at updateFunctionComponent (http://localhost:3000/_next/static/chunks/837f3_next_dist_compiled_react-dom_49bd6222._.js:5523:21)
    at beginWork (http://localhost:3000/_next/static/chunks/837f3_next_dist_compiled_react-dom_49bd6222._.js:6111:24)
    at runWithFiberInDEV (http://localhost:3000/_next/static/chunks/837f3_next_dist_compiled_react-dom_49bd6222._.js:886:74)
    at performUnitOfWork (http://localhost:3000/_next/static/chunks/837f3_next_dist_compiled_react-dom_49bd6222._.js:8298:97)
    at workLoopSync (http://localhost:3000/_next/static/chunks/837f3_next_dist_compiled_react-dom_49bd6222._.js:8190:40)
    at renderRootSync (http://localhost:3000/_next/static/chunks/837f3_next_dist_compiled_react-dom_49bd6222._.js:8173:13)
    at performWorkOnRoot (http://localhost:3000/_next/static/chunks/837f3_next_dist_compiled_react-dom_49bd6222._.js:7908:212)
    at performSyncWorkOnRoot (http://localhost:3000/_next/static/chunks/837f3_next_dist_compiled_react-dom_49bd6222._.js:8890:9)
    at flushSyncWorkAcrossRoots_impl (http://localhost:3000/_next/static/chunks/837f3_next_dist_compiled_react-dom_49bd6222._.js:8809:316)
    at flushSyncWork$1 (http://localhost:3000/_next/static/chunks/837f3_next_dist_compiled_react-dom_49bd6222._.js:8048:86)
    at Object.scheduleRefresh (http://localhost:3000/_next/static/chunks/837f3_next_dist_compiled_react-dom_49bd6222._.js:294:13)
    at http://localhost:3000/_next/static/chunks/837f3_next_dist_compiled_8a0c982d._.js:391:33
    at Set.forEach (<anonymous>)
    at Object.performReactRefresh (http://localhost:3000/_next/static/chunks/837f3_next_dist_compiled_8a0c982d._.js:384:38)
    at applyUpdate (http://localhost:3000/_next/static/chunks/837f3_next_dist_compiled_8a0c982d._.js:878:31)
    at http://localhost:3000/_next/static/chunks/837f3_next_dist_compiled_8a0c982d._.js:886:13
[  263400ms] [WARNING] [Fast Refresh] performing full reload because your application had an unrecoverable error @ http://localhost:3000/_next/static/chunks/837f3_next_dist_client_2ddce166._.js:6282
[  263451ms] TypeError: Cannot read properties of undefined (reading 'filter')
    at PacientesTable (http://localhost:3000/_next/static/chunks/_c990fccc._.js?id=%255Bproject%255D%252Fapp%252Fpacientes%252Fcomponents%252Fpacientes-table.tsx+%255Bapp-client%255D+%2528ecmascript%2529:112:46)
    at Object.react_stack_bottom_frame (http://localhost:3000/_next/static/chunks/837f3_next_dist_compiled_react-dom_49bd6222._.js:13072:24)
    at renderWithHooks (http://localhost:3000/_next/static/chunks/837f3_next_dist_compiled_react-dom_49bd6222._.js:4091:24)
    at updateFunctionComponent (http://localhost:3000/_next/static/chunks/837f3_next_dist_compiled_react-dom_49bd6222._.js:5523:21)
    at beginWork (http://localhost:3000/_next/static/chunks/837f3_next_dist_compiled_react-dom_49bd6222._.js:6090:639)
    at runWithFiberInDEV (http://localhost:3000/_next/static/chunks/837f3_next_dist_compiled_react-dom_49bd6222._.js:886:74)
    at performUnitOfWork (http://localhost:3000/_next/static/chunks/837f3_next_dist_compiled_react-dom_49bd6222._.js:8298:97)
    at workLoopSync (http://localhost:3000/_next/static/chunks/837f3_next_dist_compiled_react-dom_49bd6222._.js:8190:40)
    at renderRootSync (http://localhost:3000/_next/static/chunks/837f3_next_dist_compiled_react-dom_49bd6222._.js:8173:13)
    at performWorkOnRoot (http://localhost:3000/_next/static/chunks/837f3_next_dist_compiled_react-dom_49bd6222._.js:7932:56)
    at performSyncWorkOnRoot (http://localhost:3000/_next/static/chunks/837f3_next_dist_compiled_react-dom_49bd6222._.js:8890:9)
    at flushSyncWorkAcrossRoots_impl (http://localhost:3000/_next/static/chunks/837f3_next_dist_compiled_react-dom_49bd6222._.js:8809:316)
    at flushSyncWork$1 (http://localhost:3000/_next/static/chunks/837f3_next_dist_compiled_react-dom_49bd6222._.js:8048:86)
    at Object.scheduleRefresh (http://localhost:3000/_next/static/chunks/837f3_next_dist_compiled_react-dom_49bd6222._.js:294:13)
    at http://localhost:3000/_next/static/chunks/837f3_next_dist_compiled_8a0c982d._.js:391:33
    at Set.forEach (<anonymous>)
    at Object.performReactRefresh (http://localhost:3000/_next/static/chunks/837f3_next_dist_compiled_8a0c982d._.js:384:38)
    at applyUpdate (http://localhost:3000/_next/static/chunks/837f3_next_dist_compiled_8a0c982d._.js:878:31)
    at http://localhost:3000/_next/static/chunks/837f3_next_dist_compiled_8a0c982d._.js:886:13
[  275790ms] TypeError: Cannot read properties of undefined (reading 'data')
    at PacientesTable (http://localhost:3000/_next/static/chunks/_40a2f4eb._.js?id=%255Bproject%255D%252Fapp%252Fpacientes%252Fcomponents%252Fpacientes-table.tsx+%255Bapp-client%255D+%2528ecmascript%2529:102:25)
    at Object.react_stack_bottom_frame (http://localhost:3000/_next/static/chunks/837f3_next_dist_compiled_react-dom_49bd6222._.js:13072:24)
    at renderWithHooks (http://localhost:3000/_next/static/chunks/837f3_next_dist_compiled_react-dom_49bd6222._.js:4091:24)
    at updateFunctionComponent (http://localhost:3000/_next/static/chunks/837f3_next_dist_compiled_react-dom_49bd6222._.js:5523:21)
    at beginWork (http://localhost:3000/_next/static/chunks/837f3_next_dist_compiled_react-dom_49bd6222._.js:6111:24)
    at runWithFiberInDEV (http://localhost:3000/_next/static/chunks/837f3_next_dist_compiled_react-dom_49bd6222._.js:886:74)
    at performUnitOfWork (http://localhost:3000/_next/static/chunks/837f3_next_dist_compiled_react-dom_49bd6222._.js:8298:97)
    at workLoopSync (http://localhost:3000/_next/static/chunks/837f3_next_dist_compiled_react-dom_49bd6222._.js:8190:40)
    at renderRootSync (http://localhost:3000/_next/static/chunks/837f3_next_dist_compiled_react-dom_49bd6222._.js:8173:13)
    at performWorkOnRoot (http://localhost:3000/_next/static/chunks/837f3_next_dist_compiled_react-dom_49bd6222._.js:7908:212)
    at performSyncWorkOnRoot (http://localhost:3000/_next/static/chunks/837f3_next_dist_compiled_react-dom_49bd6222._.js:8890:9)
    at flushSyncWorkAcrossRoots_impl (http://localhost:3000/_next/static/chunks/837f3_next_dist_compiled_react-dom_49bd6222._.js:8809:316)
    at flushSyncWork$1 (http://localhost:3000/_next/static/chunks/837f3_next_dist_compiled_react-dom_49bd6222._.js:8048:86)
    at Object.scheduleRefresh (http://localhost:3000/_next/static/chunks/837f3_next_dist_compiled_react-dom_49bd6222._.js:294:13)
    at http://localhost:3000/_next/static/chunks/837f3_next_dist_compiled_8a0c982d._.js:391:33
    at Set.forEach (<anonymous>)
    at Object.performReactRefresh (http://localhost:3000/_next/static/chunks/837f3_next_dist_compiled_8a0c982d._.js:384:38)
    at applyUpdate (http://localhost:3000/_next/static/chunks/837f3_next_dist_compiled_8a0c982d._.js:878:31)
    at http://localhost:3000/_next/static/chunks/837f3_next_dist_compiled_8a0c982d._.js:886:13
[  543672ms] TypeError: Cannot read properties of undefined (reading 'filter')
    at PacientesTable (http://localhost:3000/_next/static/chunks/_c990fccc._.js?id=%255Bproject%255D%252Fapp%252Fpacientes%252Fcomponents%252Fpacientes-table.tsx+%255Bapp-client%255D+%2528ecmascript%2529:112:46)
    at Object.react_stack_bottom_frame (http://localhost:3000/_next/static/chunks/837f3_next_dist_compiled_react-dom_49bd6222._.js:13072:24)
    at renderWithHooks (http://localhost:3000/_next/static/chunks/837f3_next_dist_compiled_react-dom_49bd6222._.js:4091:24)
    at updateFunctionComponent (http://localhost:3000/_next/static/chunks/837f3_next_dist_compiled_react-dom_49bd6222._.js:5523:21)
    at beginWork (http://localhost:3000/_next/static/chunks/837f3_next_dist_compiled_react-dom_49bd6222._.js:6111:24)
    at runWithFiberInDEV (http://localhost:3000/_next/static/chunks/837f3_next_dist_compiled_react-dom_49bd6222._.js:886:74)
    at performUnitOfWork (http://localhost:3000/_next/static/chunks/837f3_next_dist_compiled_react-dom_49bd6222._.js:8298:97)
    at workLoopSync (http://localhost:3000/_next/static/chunks/837f3_next_dist_compiled_react-dom_49bd6222._.js:8190:40)
    at renderRootSync (http://localhost:3000/_next/static/chunks/837f3_next_dist_compiled_react-dom_49bd6222._.js:8173:13)
    at performWorkOnRoot (http://localhost:3000/_next/static/chunks/837f3_next_dist_compiled_react-dom_49bd6222._.js:7908:212)
    at performSyncWorkOnRoot (http://localhost:3000/_next/static/chunks/837f3_next_dist_compiled_react-dom_49bd6222._.js:8890:9)
    at flushSyncWorkAcrossRoots_impl (http://localhost:3000/_next/static/chunks/837f3_next_dist_compiled_react-dom_49bd6222._.js:8809:316)
    at flushSyncWork$1 (http://localhost:3000/_next/static/chunks/837f3_next_dist_compiled_react-dom_49bd6222._.js:8048:86)
    at Object.scheduleRefresh (http://localhost:3000/_next/static/chunks/837f3_next_dist_compiled_react-dom_49bd6222._.js:294:13)
    at http://localhost:3000/_next/static/chunks/837f3_next_dist_compiled_8a0c982d._.js:391:33
    at Set.forEach (<anonymous>)
    at Object.performReactRefresh (http://localhost:3000/_next/static/chunks/837f3_next_dist_compiled_8a0c982d._.js:384:38)
    at applyUpdate (http://localhost:3000/_next/static/chunks/837f3_next_dist_compiled_8a0c982d._.js:878:31)
    at http://localhost:3000/_next/static/chunks/837f3_next_dist_compiled_8a0c982d._.js:886:13
[  566064ms] TypeError: Cannot read properties of undefined (reading 'data')
    at PacientesTable (http://localhost:3000/_next/static/chunks/_40a2f4eb._.js?id=%255Bproject%255D%252Fapp%252Fpacientes%252Fcomponents%252Fpacientes-table.tsx+%255Bapp-client%255D+%2528ecmascript%2529:102:25)
    at Object.react_stack_bottom_frame (http://localhost:3000/_next/static/chunks/837f3_next_dist_compiled_react-dom_49bd6222._.js:13072:24)
    at renderWithHooks (http://localhost:3000/_next/static/chunks/837f3_next_dist_compiled_react-dom_49bd6222._.js:4091:24)
    at updateFunctionComponent (http://localhost:3000/_next/static/chunks/837f3_next_dist_compiled_react-dom_49bd6222._.js:5523:21)
    at beginWork (http://localhost:3000/_next/static/chunks/837f3_next_dist_compiled_react-dom_49bd6222._.js:6111:24)
    at runWithFiberInDEV (http://localhost:3000/_next/static/chunks/837f3_next_dist_compiled_react-dom_49bd6222._.js:886:74)
    at performUnitOfWork (http://localhost:3000/_next/static/chunks/837f3_next_dist_compiled_react-dom_49bd6222._.js:8298:97)
    at workLoopSync (http://localhost:3000/_next/static/chunks/837f3_next_dist_compiled_react-dom_49bd6222._.js:8190:40)
    at renderRootSync (http://localhost:3000/_next/static/chunks/837f3_next_dist_compiled_react-dom_49bd6222._.js:8173:13)
    at performWorkOnRoot (http://localhost:3000/_next/static/chunks/837f3_next_dist_compiled_react-dom_49bd6222._.js:7908:212)
    at performSyncWorkOnRoot (http://localhost:3000/_next/static/chunks/837f3_next_dist_compiled_react-dom_49bd6222._.js:8890:9)
    at flushSyncWorkAcrossRoots_impl (http://localhost:3000/_next/static/chunks/837f3_next_dist_compiled_react-dom_49bd6222._.js:8809:316)
    at flushSyncWork$1 (http://localhost:3000/_next/static/chunks/837f3_next_dist_compiled_react-dom_49bd6222._.js:8048:86)
    at Object.scheduleRefresh (http://localhost:3000/_next/static/chunks/837f3_next_dist_compiled_react-dom_49bd6222._.js:294:13)
    at http://localhost:3000/_next/static/chunks/837f3_next_dist_compiled_8a0c982d._.js:391:33
    at Set.forEach (<anonymous>)
    at Object.performReactRefresh (http://localhost:3000/_next/static/chunks/837f3_next_dist_compiled_8a0c982d._.js:384:38)
    at applyUpdate (http://localhost:3000/_next/static/chunks/837f3_next_dist_compiled_8a0c982d._.js:878:31)
    at http://localhost:3000/_next/static/chunks/837f3_next_dist_compiled_8a0c982d._.js:886:13
